﻿
> vite_react_shadcn_ts@0.0.0 build
> vite build

[36mvite v5.4.19 [32mbuilding for production...[36m[39m
[32mÔ£ô[39m 0 modules transformed.
node.exe : [31mx[39m Build 
failed in 44ms
No linha:1 caractere:1
+ & "C:\Program 
Files\nodejs/node.exe" 
"C:\Program 
Files\nodejs/node_mo ...
+ ~~~~~~~~~~~~~~~~~~~~~~~~~~~~
~~~~~~~~~~~~~~~~~~~~~~~~~~~~~~
~~~~~~~~~~~
    + CategoryInfo          : 
    NotSpecified: ([31mx[3  
  9m Build failed in 44ms:S   
 tring) [], RemoteExceptio    
n
    + FullyQualifiedErrorId : 
    NativeCommandError
 
[31merror during build:
[31m[vite:build-html] Unable 
to parse HTML; parse5 error 
code disallowed-content-in-nos
cript-in-head
 at C:/Users/Admin/Desktop/Ant
igravity - Lovable/jaquetti-st
one-portal/index.html:128:11
126|  fbq('track', 
'PageView');
127|  </script>
128|  <noscript><img 
height="1" width="1" 
style="display:none"
   |            ^^^^^^^^^^^^^^
^^^^^^^^^^^^^^^^^^^^^^^^^^^^^^
^^
129|  src="https://www.faceboo
k.com/tr?id=1213331447225251&e
v=PageView&noscript=1"
   |  ^^^^^^^^^^^^^^^^^^^^^^^^
^^^^^^^^^^^^^^^^^^^^^^^^^^^^^^
^^^^^^^^^^^^^^^^^^^^^^
130|  /></noscript>
   |  ^^^[31m
file: [36mC:/Users/Admin/Desk
top/Antigravity - Lovable/jaqu
etti-stone-portal/index.html[
31m
    at handleParseError (file:
///C:/Users/Admin/Desktop/Anti
gravity%20-%20Lovable/jaquetti
-stone-portal/node_modules/vit
e/dist/node/chunks/dep-C6uTJdX
2.js:35172:9)
    at Parser.onParseError (fi
le:///C:/Users/Admin/Desktop/A
ntigravity%20-%20Lovable/jaque
tti-stone-portal/node_modules/
vite/dist/node/chunks/dep-C6uT
JdX2.js:35097:7)
    at Parser._err (file:///C:
/Users/Admin/Desktop/Antigravi
ty%20-%20Lovable/jaquetti-ston
e-portal/node_modules/vite/dis
t/node/chunks/dep-D-7KCb9p.js:
4932:14)
    at tokenInHeadNoScript (fi
le:///C:/Users/Admin/Desktop/A
ntigravity%20-%20Lovable/jaque
tti-stone-portal/node_modules/
vite/dist/node/chunks/dep-D-7K
Cb9p.js:6266:7)
    at startTagInHeadNoScript 
(file:///C:/Users/Admin/Deskto
p/Antigravity%20-%20Lovable/ja
quetti-stone-portal/node_modul
es/vite/dist/node/chunks/dep-D
-7KCb9p.js:6244:13)
    at Parser._startTagOutside
ForeignContent (file:///C:/Use
rs/Admin/Desktop/Antigravity%2
0-%20Lovable/jaquetti-stone-po
rtal/node_modules/vite/dist/no
de/chunks/dep-D-7KCb9p.js:5600
:17)
    at 
Parser._processStartTag (file:
///C:/Users/Admin/Desktop/Anti
gravity%20-%20Lovable/jaquetti
-stone-portal/node_modules/vit
e/dist/node/chunks/dep-D-7KCb9
p.js:5578:18)
    at Parser.onStartTag (file
:///C:/Users/Admin/Desktop/Ant
igravity%20-%20Lovable/jaquett
i-stone-portal/node_modules/vi
te/dist/node/chunks/dep-D-7KCb
9p.js:5558:14)
    at 
Tokenizer.emitCurrentTagToken 
(file:///C:/Users/Admin/Deskto
p/Antigravity%20-%20Lovable/ja
quetti-stone-portal/node_modul
es/vite/dist/node/chunks/dep-D
-7KCb9p.js:1346:26)
    at Tokenizer._stateSelfClo
singStartTag (file:///C:/Users
/Admin/Desktop/Antigravity%20-
%20Lovable/jaquetti-stone-port
al/node_modules/vite/dist/node
/chunks/dep-D-7KCb9p.js:2774:2
2)[39m
